2026-09-11 11:15:49,129 - INFO - Dataset latihan-data-505310.olist_dataset siap digunakan.
2026-09-11 11:15:49,132 - INFO - Ditemukan 9 file CSV untuk diproses.
2026-09-11 11:15:49,133 - INFO - Memproses: olist_customers_dataset.csv -> latihan-data-505310.olist_dataset.olist_customers_dataset
2026-09-11 11:15:57,622 - INFO - Memproses: olist_geolocation_dataset.csv -> latihan-data-505310.olist_dataset.olist_geolocation_dataset
2026-09-11 11:16:12,324 - INFO - Memproses: olist_orders_dataset.csv -> latihan-data-505310.olist_dataset.olist_orders_dataset
2026-09-11 11:16:21,283 - INFO - Memproses: olist_order_items_dataset.csv -> latihan-data-505310.olist_dataset.olist_order_items_dataset
2026-09-11 11:16:27,662 - INFO - Memproses: olist_order_payments_dataset.csv -> latihan-data-505310.olist_dataset.olist_order_payments_dataset
2026-09-11 11:16:34,658 - INFO - Memproses: olist_order_reviews_dataset.csv -> latihan-data-505310.olist_dataset.olist_order_reviews_dataset
2026-09-11 11:16:38,045 - INFO - Memproses: olist_products_dataset.csv -> latihan-data-505310.olist_dataset.olist_products_dataset
2026-09-11 11:16:43,277 - INFO - Memproses: olist_sellers_dataset.csv -> latihan-data-505310.olist_dataset.olist_sellers_dataset
2026-09-11 11:16:47,314 - INFO - Memproses: product_category_name_translation.csv -> latihan-data-505310.olist_dataset.product_category_name_translation
2026-09-11 11:16:51,595 - INFO - ==================================================
2026-09-11 11:16:51,595 - INFO - PROSES SELESAI: 8 sukses, 1 gagal.
2026-09-11 11:16:51,596 - WARNING - File yang gagal: ['olist_order_reviews_dataset.csv']
2026-09-11 11:39:35,506 - INFO - Dataset latihan-data-505310.olist_dataset siap digunakan.
2026-09-11 11:39:35,509 - INFO - Ditemukan 9 file CSV untuk diproses.
2026-09-11 11:39:35,510 - INFO - Memproses: olist_customers_dataset.csv -> latihan-data-505310.olist_dataset.olist_customers_dataset
2026-09-11 11:39:35,735 - INFO -  DataFrame: 99441 baris x 5 kolom
2026-09-11 11:39:44,528 - INFO - Memproses: olist_geolocation_dataset.csv -> latihan-data-505310.olist_dataset.olist_geolocation_dataset
2026-09-11 11:39:45,284 - INFO -  DataFrame: 1000163 baris x 5 kolom
2026-09-11 11:39:51,624 - INFO - Memproses: olist_orders_dataset.csv -> latihan-data-505310.olist_dataset.olist_orders_dataset
2026-09-11 11:39:52,034 - INFO -  DataFrame: 99441 baris x 8 kolom
2026-09-11 11:39:57,470 - INFO - Memproses: olist_order_items_dataset.csv -> latihan-data-505310.olist_dataset.olist_order_items_dataset
2026-09-11 11:39:57,726 - INFO -  DataFrame: 112650 baris x 7 kolom
2026-09-11 11:40:03,547 - INFO - Memproses: olist_order_payments_dataset.csv -> latihan-data-505310.olist_dataset.olist_order_payments_dataset
2026-09-11 11:40:03,665 - INFO -  DataFrame: 103886 baris x 5 kolom
2026-09-11 11:40:08,598 - INFO - Memproses: olist_order_reviews_dataset.csv -> latihan-data-505310.olist_dataset.olist_order_reviews_dataset
2026-09-11 11:40:08,877 - INFO -  DataFrame: 99224 baris x 7 kolom
2026-09-11 11:40:14,468 - INFO - Memproses: olist_products_dataset.csv -> latihan-data-505310.olist_dataset.olist_products_dataset
2026-09-11 11:40:14,545 - INFO -  DataFrame: 32951 baris x 9 kolom
2026-09-11 11:40:17,765 - INFO - Memproses: olist_sellers_dataset.csv -> latihan-data-505310.olist_dataset.olist_sellers_dataset
2026-09-11 11:40:17,779 - INFO -  DataFrame: 3095 baris x 4 kolom
2026-09-11 11:40:21,752 - INFO - Memproses: product_category_name_translation.csv -> latihan-data-505310.olist_dataset.product_category_name_translation
2026-09-11 11:40:21,760 - INFO -  DataFrame: 71 baris x 2 kolom
2026-09-11 11:40:25,000 - INFO - ==================================================
2026-09-11 11:40:25,000 - INFO - PROSES SELESAI: 9 sukses, 0 gagal.
2026-09-11 14:45:36,743 - INFO - Dataset latihan-data-505310.olist_dataset siap digunakan.
2026-09-11 14:45:36,746 - INFO - Ditemukan 9 file CSV untuk diproses.
2026-09-11 14:45:36,746 - INFO - Memproses: olist_customers_dataset.csv -> latihan-data-505310.olist_dataset.olist_customers_dataset
2026-09-11 14:45:36,980 - INFO -  DataFrame: 99441 baris x 5 kolom
2026-09-11 14:45:51,186 - INFO - Memproses: olist_geolocation_dataset.csv -> latihan-data-505310.olist_dataset.olist_geolocation_dataset
2026-09-11 14:45:52,024 - INFO -  DataFrame: 1000163 baris x 5 kolom
2026-09-11 14:45:58,353 - INFO - Memproses: olist_orders_dataset.csv -> latihan-data-505310.olist_dataset.olist_orders_dataset
2026-09-11 14:45:58,766 - INFO -  DataFrame: 99441 baris x 8 kolom
2026-09-11 14:46:05,100 - INFO - Memproses: olist_order_items_dataset.csv -> latihan-data-505310.olist_dataset.olist_order_items_dataset
2026-09-11 14:46:05,335 - INFO -  DataFrame: 112650 baris x 7 kolom
2026-09-11 14:46:09,768 - INFO - Memproses: olist_order_payments_dataset.csv -> latihan-data-505310.olist_dataset.olist_order_payments_dataset
2026-09-11 14:46:09,879 - INFO -  DataFrame: 103886 baris x 5 kolom
2026-09-11 14:46:13,236 - INFO - Memproses: olist_order_reviews_dataset.csv -> latihan-data-505310.olist_dataset.olist_order_reviews_dataset
2026-09-11 14:46:13,519 - INFO -  DataFrame: 99224 baris x 7 kolom
2026-09-11 14:46:18,508 - INFO - Memproses: olist_products_dataset.csv -> latihan-data-505310.olist_dataset.olist_products_dataset
2026-09-11 14:46:18,574 - INFO -  DataFrame: 32951 baris x 9 kolom
2026-09-11 14:46:23,105 - INFO - Memproses: olist_sellers_dataset.csv -> latihan-data-505310.olist_dataset.olist_sellers_dataset
2026-09-11 14:46:23,122 - INFO -  DataFrame: 3095 baris x 4 kolom
2026-09-11 14:46:26,222 - INFO - Memproses: product_category_name_translation.csv -> latihan-data-505310.olist_dataset.product_category_name_translation
2026-09-11 14:46:26,233 - INFO -  DataFrame: 71 baris x 2 kolom
2026-09-11 14:46:30,492 - INFO - ==================================================
2026-09-11 14:46:30,492 - INFO - PROSES SELESAI: 9 sukses, 0 gagal.
2026-09-11 14:52:43,455 - INFO - Dataset latihan-data-505310.olist_raw siap digunakan.
2026-09-11 14:52:43,458 - INFO - Ditemukan 9 file CSV untuk diproses.
2026-09-11 14:52:43,458 - INFO - Memproses: olist_customers_dataset.csv -> latihan-data-505310.olist_raw.olist_customers_dataset
2026-09-11 14:52:43,658 - INFO -  DataFrame: 99441 baris x 5 kolom
2026-09-11 14:52:49,997 - INFO - Memproses: olist_geolocation_dataset.csv -> latihan-data-505310.olist_raw.olist_geolocation_dataset
2026-09-11 14:52:50,794 - INFO -  DataFrame: 1000163 baris x 5 kolom
2026-09-11 14:52:57,342 - INFO - Memproses: olist_orders_dataset.csv -> latihan-data-505310.olist_raw.olist_orders_dataset
2026-09-11 14:52:57,723 - INFO -  DataFrame: 99441 baris x 8 kolom
2026-09-11 14:53:03,093 - INFO - Memproses: olist_order_items_dataset.csv -> latihan-data-505310.olist_raw.olist_order_items_dataset
2026-09-11 14:53:03,345 - INFO -  DataFrame: 112650 baris x 7 kolom
2026-09-11 14:53:08,769 - INFO - Memproses: olist_order_payments_dataset.csv -> latihan-data-505310.olist_raw.olist_order_payments_dataset
2026-09-11 14:53:08,882 - INFO -  DataFrame: 103886 baris x 5 kolom
2026-09-11 14:53:12,787 - INFO - Memproses: olist_order_reviews_dataset.csv -> latihan-data-505310.olist_raw.olist_order_reviews_dataset
2026-09-11 14:53:13,113 - INFO -  DataFrame: 99224 baris x 7 kolom
2026-09-11 14:53:19,001 - INFO - Memproses: olist_products_dataset.csv -> latihan-data-505310.olist_raw.olist_products_dataset
2026-09-11 14:53:19,069 - INFO -  DataFrame: 32951 baris x 9 kolom
2026-09-11 14:53:23,031 - INFO - Memproses: olist_sellers_dataset.csv -> latihan-data-505310.olist_raw.olist_sellers_dataset
2026-09-11 14:53:23,050 - INFO -  DataFrame: 3095 baris x 4 kolom
2026-09-11 14:53:26,167 - INFO - Memproses: product_category_name_translation.csv -> latihan-data-505310.olist_raw.product_category_name_translation
2026-09-11 14:53:26,171 - INFO -  DataFrame: 71 baris x 2 kolom
2026-09-11 14:53:29,264 - INFO - ==================================================
2026-09-11 14:53:29,264 - INFO - PROSES SELESAI: 9 sukses, 0 gagal.
