[0m13:39:13.384633 [debug] [MainThread]: Sending event: {'category': 'dbt', 'action': 'invocation', 'label': 'start', 'context': [<snowplow_tracker.self_describing_json.SelfDescribingJson object at 0x000001B826F5EBA0>, <snowplow_tracker.self_describing_json.SelfDescribingJson object at 0x000001B824B04F50>, <snowplow_tracker.self_describing_json.SelfDescribingJson object at 0x000001B82991F890>]}


============================== 13:39:13.393247 | 77789bf5-f25a-49c3-8fcd-551df11d5438 ==============================
[0m13:39:13.393247 [info ] [MainThread]: Running with dbt=1.12.4
[0m13:39:13.394157 [debug] [MainThread]: running dbt with arguments {'static_parser': 'True', 'no_print': 'None', 'version_check': 'True', 'target_path': 'None', 'maximum_seed_size_mib': '1', 'warn_error_options': 'WarnErrorOptionsV2(error=[], warn=[], silence=[])', 'printer_width': '80', 'write_json': 'True', 'empty': 'None', 'log_cache_events': 'False', 'introspect': 'True', 'cache_selected_only': 'False', 'log_format': 'default', 'debug': 'False', 'fail_fast': 'False', 'profiles_dir': 'C:\\Users\\USER\\.dbt', 'send_anonymous_usage_stats': 'True', 'quiet': 'False', 'warn_error': 'None', 'partial_parse': 'True', 'invocation_command': 'dbt init olist_dbt', 'hints_enabled': 'True', 'use_colors': 'True', 'use_experimental_parser': 'False', 'indirect_selection': 'eager', 'log_path': 'logs'}
[0m13:39:13.435424 [info ] [MainThread]: Creating dbt configuration folder at C:\Users\USER\.dbt
[0m13:39:13.439727 [debug] [MainThread]: Starter project path: C:\Users\USER\analytics-portofolio\venv\Lib\site-packages\dbt\include\starter_project
[0m13:39:13.482099 [info ] [MainThread]: Setting up your profile.
[0m13:44:00.800216 [info ] [MainThread]: Profile olist_dbt written to C:\Users\USER\.dbt\profiles.yml using target's profile_template.yml and your supplied values.
[0m13:44:00.806006 [info ] [MainThread]: Running dbt debug to validate the project...
[0m13:44:00.806828 [info ] [MainThread]: dbt version: 1.12.4
[0m13:44:00.807340 [info ] [MainThread]: python version: 3.14.7
[0m13:44:00.807943 [info ] [MainThread]: python path: C:\Users\USER\analytics-portofolio\venv\Scripts\python.exe
[0m13:44:00.808567 [info ] [MainThread]: os info: Windows-10-10.0.19045-SP0
[0m13:44:00.875657 [info ] [MainThread]: Using profiles dir at C:\Users\USER\.dbt
[0m13:44:00.876208 [info ] [MainThread]: Using profiles.yml file at C:\Users\USER\.dbt\profiles.yml
[0m13:44:00.876631 [info ] [MainThread]: Using dbt_project.yml file at C:\Users\USER\analytics-portofolio\olist_dbt\dbt_project.yml
[0m13:44:00.877036 [info ] [MainThread]: adapter type: bigquery
[0m13:44:00.877431 [info ] [MainThread]: adapter version: 1.12.0
[0m13:44:00.989583 [info ] [MainThread]: Configuration:
[0m13:44:00.990120 [info ] [MainThread]:   profiles.yml file [[32mOK found and valid[0m]
[0m13:44:00.990524 [info ] [MainThread]:   dbt_project.yml file [[32mOK found and valid[0m]
[0m13:44:00.992842 [info ] [MainThread]: Required dependencies:
[0m13:44:00.993518 [debug] [MainThread]: Executing "git --help"
[0m13:44:01.086679 [debug] [MainThread]: STDOUT: "b"usage: git [-v | --version] [-h | --help] [-C <path>] [-c <name>=<value>]\n           [--exec-path[=<path>]] [--html-path] [--man-path] [--info-path]\n           [-p | --paginate | -P | --no-pager] [--no-replace-objects] [--no-lazy-fetch]\n           [--no-optional-locks] [--no-advice] [--bare] [--git-dir=<path>]\n           [--work-tree=<path>] [--namespace=<name>] [--config-env=<name>=<envvar>]\n           <command> [<args>]\n\nThese are common Git commands used in various situations:\n\nstart a working area (see also: git help tutorial)\n   clone      Clone a repository into a new directory\n   init       Create an empty Git repository or reinitialize an existing one\n\nwork on the current change (see also: git help everyday)\n   add        Add file contents to the index\n   mv         Move or rename a file, a directory, or a symlink\n   restore    Restore working tree files\n   rm         Remove files from the working tree and from the index\n\nexamine the history and state (see also: git help revisions)\n   bisect     Use binary search to find the commit that introduced a bug\n   diff       Show changes between commits, commit and working tree, etc\n   grep       Print lines matching a pattern\n   log        Show commit logs\n   show       Show various types of objects\n   status     Show the working tree status\n\ngrow, mark and tweak your common history\n   backfill   Download missing objects in a partial clone\n   branch     List, create, or delete branches\n   commit     Record changes to the repository\n   history    EXPERIMENTAL: Rewrite history\n   merge      Join two or more development histories together\n   rebase     Reapply commits on top of another base tip\n   reset      Set `HEAD` or the index to a known state\n   switch     Switch branches\n   tag        Create, list, delete or verify tags\n\ncollaborate (see also: git help workflows)\n   fetch      Download objects and refs from another repository\n   pull       Fetch from and integrate with another repository or a local branch\n   push       Update remote refs along with associated objects\n\n'git help -a' and 'git help -g' list available subcommands and some\nconcept guides. See 'git help <command>' or 'git help <concept>'\nto read about a specific subcommand or concept.\nSee 'git help git' for an overview of the system.\n""
[0m13:44:01.087130 [debug] [MainThread]: STDERR: "b''"
[0m13:44:01.087411 [info ] [MainThread]:  - git [[32mOK found[0m]

[0m13:44:01.087822 [info ] [MainThread]: Connection:
[0m13:44:01.088250 [info ] [MainThread]:   method: service-account
[0m13:44:01.088638 [info ] [MainThread]:   database: latihan-data-505310
[0m13:44:01.089054 [info ] [MainThread]:   execution_project: latihan-data-505310
[0m13:44:01.089452 [info ] [MainThread]:   schema: olist_dataset
[0m13:44:01.089844 [info ] [MainThread]:   location: US
[0m13:44:01.090235 [info ] [MainThread]:   priority: interactive
[0m13:44:01.090632 [info ] [MainThread]:   maximum_bytes_billed: None
[0m13:44:01.091025 [info ] [MainThread]:   reservation: None
[0m13:44:01.091423 [info ] [MainThread]:   impersonate_service_account: None
[0m13:44:01.091817 [info ] [MainThread]:   job_retry_deadline_seconds: None
[0m13:44:01.092209 [info ] [MainThread]:   job_retries: 1
[0m13:44:01.092603 [info ] [MainThread]:   job_creation_timeout_seconds: None
[0m13:44:01.093041 [info ] [MainThread]:   job_execution_timeout_seconds: 300
[0m13:44:01.093604 [info ] [MainThread]:   job_link_info_level_log: False
[0m13:44:01.094116 [info ] [MainThread]:   timeout_seconds: 300
[0m13:44:01.094589 [info ] [MainThread]:   client_id: None
[0m13:44:01.094967 [info ] [MainThread]:   token_uri: None
[0m13:44:01.095353 [info ] [MainThread]:   compute_region: None
[0m13:44:01.095727 [info ] [MainThread]:   dataproc_cluster_name: None
[0m13:44:01.096101 [info ] [MainThread]:   gcs_bucket: None
[0m13:44:01.096473 [info ] [MainThread]:   dataproc_batch: None
[0m13:44:01.097119 [info ] [MainThread]: Registered adapter: bigquery=1.12.0
[0m13:44:01.860778 [debug] [MainThread]: Acquiring new bigquery connection 'debug'
[0m13:44:01.861166 [debug] [MainThread]: On debug: select 1 as id
[0m13:44:01.861505 [debug] [MainThread]: Opening a new connection, currently in state init
[0m13:44:01.861980 [debug] [MainThread]: BigQuery adapter: Got an error when attempting to create a bigquery " "client: '[Errno 2] No such file or directory: '\\gcp-key.json''
[0m13:44:01.862370 [debug] [MainThread]: BigQuery adapter: Unhandled error while running:
select 1 as id
[0m13:44:01.862715 [debug] [MainThread]: BigQuery adapter: Database Error
  [Errno 2] No such file or directory: '\\gcp-key.json'
[0m13:44:01.863055 [info ] [MainThread]:   Connection test: [[31mERROR[0m]

[0m13:44:01.863584 [info ] [MainThread]: [31m1 check failed:[0m
[0m13:44:01.864177 [info ] [MainThread]: dbt was unable to connect to the specified database.
The database returned the following error:

  >'NoneType' object has no attribute 'close'

Check your database credentials and try again. For more information, visit:
https://docs.getdbt.com/docs/configure-your-profile


[0m13:44:01.864860 [info ] [MainThread]: Your new dbt project "olist_dbt" was created!
Initialized new project in C:\Users\USER\analytics-portofolio\olist_dbt\olist_dbt

For more information on how to configure the profiles.yml file,
please consult the dbt documentation here:

  https://docs.getdbt.com/docs/configure-your-profile

One more thing:

Need help? Don't hesitate to reach out to us via GitHub issues or on Slack:

  https://community.getdbt.com/

Happy modeling!

[0m13:44:01.865381 [info ] [MainThread]: [31mYour profile may need adjustments. You can find the logs of `dbt debug` above[0m
[0m13:44:01.867027 [debug] [MainThread]: Command `dbt init` succeeded at 13:44:01.866890 after 288.73 seconds
[0m13:44:01.867406 [debug] [MainThread]: Sending event: {'category': 'dbt', 'action': 'invocation', 'label': 'end', 'context': [<snowplow_tracker.self_describing_json.SelfDescribingJson object at 0x000001B83B7A6B10>, <snowplow_tracker.self_describing_json.SelfDescribingJson object at 0x000001B83B9669F0>, <snowplow_tracker.self_describing_json.SelfDescribingJson object at 0x000001B83B8F2AD0>]}
[0m13:44:01.867795 [debug] [MainThread]: Flushing usage events
[0m13:44:03.627962 [debug] [MainThread]: An error was encountered while trying to flush usage events
